// Jest Snapshot v1, https://goo.gl/fbAQLP

exports[`Pruebas en <GifItem> Debe de hacer match con el snapshot 1`] = `
<div>
  <div
    class="card"
  >
    <img
      alt="Cake"
      src="https://cake.com/cake.jpg"
    />
  </div>
</div>
`;
